a	a
A	A
aa	â
Aa	Â
aaa	aa
Aaa	Aa
aac	âc
Aac	Âc
aach	âch
Aach	Âch
aam	âm
Aam	Âm
aan	ân
Aan	Ân
aang	âng
Aang	Âng
aanh	ânh
Aanh	Ânh
aap	âp
Aap	Âp
aat	ât
Aat	Ât
ac	ac
Ac	Ac
ach	ach
Ach	Ach
ai	ai
Ai	Ai
aic	aic
Aic	Aic
aich	aich
Aich	Aich
aim	aim
Aim	Aim
ain	ain
Ain	Ain
aing	aing
Aing	Aing
ainh	ainh
Ainh	Ainh
aip	aip
Aip	Aip
ait	ait
Ait	Ait
am	am
Am	Am
an	an
An	An
ang	ang
Ang	Ang
anh	anh
Anh	Anh
ao	ao
Ao	Ao
aoc	aoc
Aoc	Aoc
aoch	aoch
Aoch	Aoch
aom	aom
Aom	Aom
aon	aon
Aon	Aon
aong	aong
Aong	Aong
aonh	aonh
Aonh	Aonh
aop	aop
Aop	Aop
aot	aot
Aot	Aot
ap	ap
Ap	Ap
at	at
At	At
au	au
Au	Au
auc	auc
Auc	Auc
auch	auch
Auch	Auch
aum	aum
Aum	Aum
aun	aun
Aun	Aun
aung	aung
Aung	Aung
aunh	aunh
Aunh	Aunh
aup	aup
Aup	Aup
aut	aut
Aut	Aut
aw	ă
Aw	Ă
awc	ăc
Awc	Ăc
awch	ăch
Awch	Ăch
awm	ăm
Awm	Ăm
awn	ăn
Awn	Ăn
awng	ăng
Awng	Ăng
awnh	ănh
Awnh	Ănh
awp	ăp
Awp	Ăp
awt	ăt
Awt	Ăt
aww	aw
Aww	Aw
ay	ay
Ay	Ay
ayc	ayc
Ayc	Ayc
aych	aych
Aych	Aych
aym	aym
Aym	Aym
ayn	ayn
Ayn	Ayn
ayng	ayng
Ayng	Ayng
aynh	aynh
Aynh	Aynh
ayp	ayp
Ayp	Ayp
ayt	ayt
Ayt	Ayt
dd	đ
Dd	Đ
ddd	dd
Ddd	Dd
ec	ec
Ec	Ec
ech	ech
Ech	Ech
e	e
E	E
eec	êc
Eec	Êc
eech	êch
Eech	Êch
ee	ê
Ee	Ê
eee	ee
Eee	Ee
eem	êm
Eem	Êm
een	ên
Een	Ên
eeng	êng
Eeng	Êng
eenh	ênh
Eenh	Ênh
eep	êp
Eep	Êp
eet	êt
Eet	Êt
em	em
Em	Em
en	en
En	En
eng	eng
Eng	Eng
enh	enh
Enh	Enh
ep	ep
Ep	Ep
et	et
Et	Et
eu	eu
Eu	Eu
ich	ich
Ich	Ich
ic	ic
Ic	Ic
ieech	iêch
Ieech	Iêch
ieec	iêc
Ieec	Iêc
iee	iê
Iee	Iê
ieem	iêm
Ieem	Iêm
ieeng	iêng
Ieeng	Iêng
ieenh	iênh
Ieenh	Iênh
ieen	iên
Ieen	Iên
ieep	iêp
Ieep	Iêp
ieet	iêt
Ieet	Iêt
ieeu	iêu
Ieeu	Iêu
iefe	iề
Iefe	Iề
ie	ie
Ie	Ie
ieje	iệ
Ieje	Iệ
iere	iể
Iere	Iể
iese	iế
Iese	Iế
iexe	iễ
Iexe	Iễ
i	i
I	I
im	im
Im	Im
ing	ing
Ing	Ing
inh	inh
Inh	Inh
in	in
In	In
ip	ip
Ip	Ip
it	it
It	It
iu	iu
Iu	Iu
oach	oach
Oach	Oach
oac	oac
Oac	Oac
oafw	oằ
Oafw	Oằ
oai	oai
Oai	Oai
oajw	oặ
Oajw	Oặ
oam	oam
Oam	Oam
oang	oang
Oang	Oang
oanh	oanh
Oanh	Oanh
oan	oan
Oan	Oan
oa	oa
Oa	Oa
oap	oap
Oap	Oap
oarw	oẳ
Oarw	Oẳ
oasw	oắ
Oasw	Oắ
oat	oat
Oat	Oat
oawch	oăch
Oawch	Oăch
oawc	oăc
Oawc	Oăc
oawm	oăm
Oawm	Oăm
oawng	oăng
Oawng	Oăng
oawnh	oănh
Oawnh	Oănh
oawn	oăn
Oawn	Oăn
oaw	oă
Oaw	Oă
oawp	oăp
Oawp	Oăp
oawt	oăt
Oawt	Oăt
oaxw	oẵ
Oaxw	Oẵ
oay	oay
Oay	Oay
och	och
Och	Och
oc	oc
Oc	Oc
oe	oe
Oe	Oe
oich	oich
Oich	Oich
oic	oic
Oic	Oic
oim	oim
Oim	Oim
oing	oing
Oing	Oing
oinh	oinh
Oinh	Oinh
oin	oin
Oin	Oin
oi	oi
Oi	Oi
oip	oip
Oip	Oip
oit	oit
Oit	Oit
om	om
Om	Om
ong	ong
Ong	Ong
onh	onh
Onh	Onh
on	on
On	On
o	o
O	O
ooch	ôch
Ooch	Ôch
ooc	ôc
Ooc	Ôc
oom	ôm
Oom	Ôm
oong	ông
Oong	Ông
oonh	ônh
Oonh	Ônh
oon	ôn
Oon	Ôn
oo	ô
Oo	Ô
ooo	oo
Ooo	Oo
oop	ôp
Oop	Ôp
oot	ôt
Oot	Ôt
op	op
Op	Op
ot	ot
Ot	Ot
owch	ơch
Owch	Ơch
owc	ơc
Owc	Ơc
owm	ơm
Owm	Ơm
owng	ơng
Owng	Ơng
ownh	ơnh
Ownh	Ơnh
own	ơn
Own	Ơn
ow	ơ
Ow	Ơ
owp	ơp
Owp	Ơp
owt	ơt
Owt	Ơt
oww	ow
Oww	Ow
uaach	uâch
Uaach	Uâch
uaac	uâc
Uaac	Uâc
uaam	uâm
Uaam	Uâm
uaang	uâng
Uaang	Uâng
uaanh	uânh
Uaanh	Uânh
uaan	uân
Uaan	Uân
uaap	uâp
Uaap	Uâp
uaat	uât
Uaat	Uât
uaa	uâ
Uaa	Uâ
uafa	uầ
Uafa	Uầ
uaja	uậ
Uaja	Uậ
uara	uẩ
Uara	Uẩ
uasa	uấ
Uasa	Uấ
ua	ua
Ua	Ua
uaxa	uẫ
Uaxa	Uẫ
uch	uch
Uch	Uch
uc	uc
Uc	Uc
uich	uich
Uich	Uich
uic	uic
Uic	Uic
uim	uim
Uim	Uim
uing	uing
Uing	Uing
uinh	uinh
Uinh	Uinh
uin	uin
Uin	Uin
uip	uip
Uip	Uip
uit	uit
Uit	Uit
ui	ui
Ui	Ui
um	um
Um	Um
ung	ung
Ung	Ung
unh	unh
Unh	Unh
un	un
Un	Un
uofo	uồ
Uofo	Uồ
uofw	ườ
Uofw	Ườ
uojo	uộ
Uojo	Uộ
uojw	ượ
Uojw	Ượ
uooch	uôch
Uooch	Uôch
uooc	uôc
Uooc	Uôc
uooi	uôi
Uooi	Uôi
uoom	uôm
Uoom	Uôm
uoong	uông
Uoong	Uông
uoonh	uônh
Uoonh	Uônh
uoon	uôn
Uoon	Uôn
uoop	uôp
Uoop	Uôp
uoot	uôt
Uoot	Uôt
uoo	uô
Uoo	Uô
uoro	uổ
Uoro	Uổ
uorw	ưở
Uorw	Ưở
uoso	uố
Uoso	Uố
uosw	ướ
Uosw	Ướ
uo	uo
Uo	Uo
uowch	ươch
Uowch	Ươch
uowc	ươc
Uowc	Ươc
uowi	ươi
Uowi	Ươi
uowm	ươm
Uowm	Ươm
uowng	ương
Uowng	Ương
uownh	ươnh
Uownh	Ươnh
uown	ươn
Uown	Ươn
uowp	ươp
Uowp	Ươp
uowt	ươt
Uowt	Ươt
uow	ươ
Uow	Ươ
uoxo	uỗ
Uoxo	Uỗ
uoxw	ưỡ
Uoxw	Ưỡ
up	up
Up	Up
ut	ut
Ut	Ut
u	u
U	U
uwa	ưa
Uwa	Ưa
uwch	ưch
Uwch	Ưch
uwc	ưc
Uwc	Ưc
uwm	ưm
Uwm	Ưm
uwng	ưng
Uwng	Ưng
uwnh	ưnh
Uwnh	Ưnh
uwn	ưn
Uwn	Ưn
uwofw	ườ
Uwofw	Ườ
uwojw	ượ
Uwojw	Ượ
uworw	ưở
Uworw	Ưở
uwosw	ướ
Uwosw	Ướ
uwow	ươ
Uwow	Ươ
uwoxw	ưỡ
Uwoxw	Ưỡ
uwp	ưp
Uwp	Ưp
uwt	ưt
Uwt	Ưt
uw	ư
Uw	Ư
uww	uw
Uww	Uw
uya	uya
Uya	Uya
uych	uych
Uych	Uych
uyc	uyc
Uyc	Uyc
uyee	uyê
Uyee	Uyê
uym	uym
Uym	Uym
uyng	uyng
Uyng	Uyng
uynh	uynh
Uynh	Uynh
uyn	uyn
Uyn	Uyn
uyp	uyp
Uyp	Uyp
uyt	uyt
Uyt	Uyt
uy	uy
Uy	Uy
ych	ych
Ych	Ych
yc	yc
Yc	Yc
yeech	yêch
Yeech	Yêch
yeec	yêc
Yeec	Yêc
yeem	yêm
Yeem	Yêm
yeeng	yêng
Yeeng	Yêng
yeenh	yênh
Yeenh	Yênh
yeen	yên
Yeen	Yên
yeep	yêp
Yeep	Yêp
yeet	yêt
Yeet	Yêt
yeeu	yêu
Yeeu	Yêu
yee	yê
Yee	Yê
yefe	yề
Yefe	Yề
yeje	yệ
Yeje	Yệ
yere	yể
Yere	Yể
yese	yế
Yese	Yế
yexe	yễ
Yexe	Yễ
ye	ye
Ye	Ye
ym	ym
Ym	Ym
yng	yng
Yng	Yng
ynh	ynh
Ynh	Ynh
yn	yn
Yn	Yn
yp	yp
Yp	Yp
yt	yt
Yt	Yt
y	y
Y	Y
\	\
